2026-05-13 15:22:31,117 - twister - INFO - Using Ninja..
2026-05-13 15:22:31,692 - twister - INFO - Zephyr version: ncs-v3.2.4
2026-05-13 15:22:31,738 - twister - DEBUG - Running cmake script C:\Users\golde\Documents\NTNU\ncs\v3.2.4\zephyr\cmake\verify-toolchain.cmake
2026-05-13 15:22:31,738 - twister - DEBUG - Calling cmake: ['C:\\ncs\\toolchains\\fd21892d0f\\opt\\bin\\cmake.EXE', '-DFORMAT=json', '-P', 'C:\\Users\\golde\\Documents\\NTNU\\ncs\\v3.2.4\\zephyr\\cmake\\verify-toolchain.cmake']
2026-05-13 15:22:33,033 - twister - DEBUG - Finished running C:\Users\golde\Documents\NTNU\ncs\v3.2.4\zephyr\cmake\verify-toolchain.cmake
2026-05-13 15:22:33,033 - twister - INFO - Using 'zephyr' toolchain.
2026-05-13 15:22:36,537 - twister - DEBUG - Reading testsuite configuration files under C:\Users\golde\Documents\NTNU\IES2608\tests\modules...
2026-05-13 15:22:36,548 - twister - DEBUG - Found possible testsuite in C:\Users\golde\Documents\NTNU\IES2608\tests\modules\gnss_service
2026-05-13 15:22:36,560 - twister - DEBUG - Found possible testsuite in C:\Users\golde\Documents\NTNU\IES2608\tests\modules\lte_service
2026-05-13 15:22:36,567 - twister - DEBUG - Found possible testsuite in C:\Users\golde\Documents\NTNU\IES2608\tests\modules\modem_service
2026-05-13 15:22:36,572 - twister - DEBUG - Found possible testsuite in C:\Users\golde\Documents\NTNU\IES2608\tests\modules\ntn_service
2026-05-13 15:22:36,580 - twister - DEBUG - Found possible testsuite in C:\Users\golde\Documents\NTNU\IES2608\tests\modules\rsrp_service
2026-05-13 15:22:36,588 - twister - DEBUG - Found possible testsuite in C:\Users\golde\Documents\NTNU\IES2608\tests\modules\sensors_service
2026-05-13 15:22:36,593 - twister - DEBUG - No duplicates found.
2026-05-13 15:22:36,594 - twister - DEBUG -  platform filter: ['unit_testing']
2026-05-13 15:22:36,594 - twister - DEBUG - platform_pattern: []
2026-05-13 15:22:36,594 - twister - DEBUG -    vendor filter: []
2026-05-13 15:22:36,594 - twister - DEBUG -      arch_filter: None
2026-05-13 15:22:36,594 - twister - DEBUG -       tag_filter: None
2026-05-13 15:22:36,594 - twister - DEBUG -      exclude_tag: None
2026-05-13 15:22:36,594 - twister - DEBUG - Checking platform filter: ['unit_testing']
2026-05-13 15:22:36,595 - twister - INFO - Building initial testsuite list...
2026-05-13 15:22:36,619 - twister - INFO - Writing JSON report C:\Users\golde\Documents\NTNU\IES2608\twister-out\testplan.json
2026-05-13 15:22:37,510 - twister - INFO - Adding tasks to the queue...
2026-05-13 15:22:37,510 - twister - DEBUG - adding unit_testing/unit_testing\host\app.gnss_service.logic
2026-05-13 15:22:37,511 - twister - DEBUG - adding unit_testing/unit_testing\host\app.lte_service.logic
2026-05-13 15:22:37,511 - twister - DEBUG - adding unit_testing/unit_testing\host\app.modem_service.logic
2026-05-13 15:22:37,511 - twister - DEBUG - adding unit_testing/unit_testing\host\app.ntn_service.logic
2026-05-13 15:22:37,511 - twister - DEBUG - adding unit_testing/unit_testing\host\app.rsrp_service.logic
2026-05-13 15:22:37,511 - twister - DEBUG - adding unit_testing/unit_testing\host\app.sensors_service.logic
2026-05-13 15:22:37,512 - twister - INFO - Added initial list of jobs to queue
2026-05-13 15:22:38,416 - twister - DEBUG - Running cmake on C:\Users\golde\Documents\NTNU\IES2608\tests\modules\sensors_service for unit_testing/unit_testing
2026-05-13 15:22:38,431 - twister - DEBUG - Calling cmake: [None, '-BC:\\Users\\golde\\Documents\\NTNU\\IES2608\\twister-out\\unit_testing_unit_testing\\host\\IES2608\\tests\\modules\\sensors_service\\app.sensors_service.logic', '-DTC_RUNID=d9af48d42f505989016ef42224b092e5', '-DTC_NAME=app.sensors_service.logic', '-DCONFIG_COMPILER_WARNINGS_AS_ERRORS=y', '-DEXTRA_GEN_EDT_ARGS=--edtlib-Werror', '-GNinja', '-DPython3_EXECUTABLE=C:/ncs/toolchains/fd21892d0f/opt/bin/python.exe', '-DZEPHYR_TOOLCHAIN_VARIANT=host', '-SC:\\Users\\golde\\Documents\\NTNU\\IES2608\\tests\\modules\\sensors_service', '-DBOARD=unit_testing/unit_testing']
2026-05-13 15:22:38,433 - twister - ERROR - General exception: expected str, bytes or os.PathLike object, not NoneType
Traceback (most recent call last):
  File "C:\Users\golde\Documents\NTNU\ncs\v3.2.4\zephyr\scripts/pylib/twister\twisterlib\runner.py", line 2009, in pipeline_mgr
    pb.process(pipeline, done_queue, task, lock, results)
  File "C:\Users\golde\Documents\NTNU\ncs\v3.2.4\zephyr\scripts/pylib/twister\twisterlib\runner.py", line 998, in process
    ret = self.cmake()
          ^^^^^^^^^^^^
  File "C:\Users\golde\Documents\NTNU\ncs\v3.2.4\zephyr\scripts/pylib/twister\twisterlib\runner.py", line 1723, in cmake
    return self.run_cmake(args,filter_stages)
           ^^^^^^^^^^^^^^^^^^^^^^^^^^^^^^^^^^
  File "C:\Users\golde\Documents\NTNU\ncs\v3.2.4\zephyr\scripts/pylib/twister\twisterlib\runner.py", line 723, in run_cmake
    p = subprocess.Popen(cmd, **kwargs)
        ^^^^^^^^^^^^^^^^^^^^^^^^^^^^^^^
  File "subprocess.py", line 1026, in __init__
  File "subprocess.py", line 1462, in _execute_child
  File "subprocess.py", line 608, in list2cmdline
  File "<frozen os>", line 859, in fsdecode
TypeError: expected str, bytes or os.PathLike object, not NoneType

2026-05-13 15:22:39,124 - twister - DEBUG - Running cmake on C:\Users\golde\Documents\NTNU\IES2608\tests\modules\rsrp_service for unit_testing/unit_testing
2026-05-13 15:22:39,136 - twister - DEBUG - Calling cmake: [None, '-BC:\\Users\\golde\\Documents\\NTNU\\IES2608\\twister-out\\unit_testing_unit_testing\\host\\IES2608\\tests\\modules\\rsrp_service\\app.rsrp_service.logic', '-DTC_RUNID=ed2f60222f7888b4e20aaea1bec899a5', '-DTC_NAME=app.rsrp_service.logic', '-DCONFIG_COMPILER_WARNINGS_AS_ERRORS=y', '-DEXTRA_GEN_EDT_ARGS=--edtlib-Werror', '-GNinja', '-DPython3_EXECUTABLE=C:/ncs/toolchains/fd21892d0f/opt/bin/python.exe', '-DZEPHYR_TOOLCHAIN_VARIANT=host', '-SC:\\Users\\golde\\Documents\\NTNU\\IES2608\\tests\\modules\\rsrp_service', '-DBOARD=unit_testing/unit_testing']
2026-05-13 15:22:39,138 - twister - ERROR - General exception: expected str, bytes or os.PathLike object, not NoneType
Traceback (most recent call last):
  File "C:\Users\golde\Documents\NTNU\ncs\v3.2.4\zephyr\scripts/pylib/twister\twisterlib\runner.py", line 2009, in pipeline_mgr
    pb.process(pipeline, done_queue, task, lock, results)
  File "C:\Users\golde\Documents\NTNU\ncs\v3.2.4\zephyr\scripts/pylib/twister\twisterlib\runner.py", line 998, in process
    ret = self.cmake()
          ^^^^^^^^^^^^
  File "C:\Users\golde\Documents\NTNU\ncs\v3.2.4\zephyr\scripts/pylib/twister\twisterlib\runner.py", line 1723, in cmake
    return self.run_cmake(args,filter_stages)
           ^^^^^^^^^^^^^^^^^^^^^^^^^^^^^^^^^^
  File "C:\Users\golde\Documents\NTNU\ncs\v3.2.4\zephyr\scripts/pylib/twister\twisterlib\runner.py", line 723, in run_cmake
    p = subprocess.Popen(cmd, **kwargs)
        ^^^^^^^^^^^^^^^^^^^^^^^^^^^^^^^
  File "subprocess.py", line 1026, in __init__
  File "subprocess.py", line 1462, in _execute_child
  File "subprocess.py", line 608, in list2cmdline
  File "<frozen os>", line 859, in fsdecode
TypeError: expected str, bytes or os.PathLike object, not NoneType

2026-05-13 15:22:39,992 - twister - DEBUG - Running cmake on C:\Users\golde\Documents\NTNU\IES2608\tests\modules\ntn_service for unit_testing/unit_testing
2026-05-13 15:22:40,003 - twister - DEBUG - Calling cmake: [None, '-BC:\\Users\\golde\\Documents\\NTNU\\IES2608\\twister-out\\unit_testing_unit_testing\\host\\IES2608\\tests\\modules\\ntn_service\\app.ntn_service.logic', '-DTC_RUNID=302529be728b9a7eabfca995d6ff1717', '-DTC_NAME=app.ntn_service.logic', '-DCONFIG_COMPILER_WARNINGS_AS_ERRORS=y', '-DEXTRA_GEN_EDT_ARGS=--edtlib-Werror', '-GNinja', '-DPython3_EXECUTABLE=C:/ncs/toolchains/fd21892d0f/opt/bin/python.exe', '-DZEPHYR_TOOLCHAIN_VARIANT=host', '-SC:\\Users\\golde\\Documents\\NTNU\\IES2608\\tests\\modules\\ntn_service', '-DBOARD=unit_testing/unit_testing']
2026-05-13 15:22:40,005 - twister - ERROR - General exception: expected str, bytes or os.PathLike object, not NoneType
Traceback (most recent call last):
  File "C:\Users\golde\Documents\NTNU\ncs\v3.2.4\zephyr\scripts/pylib/twister\twisterlib\runner.py", line 2009, in pipeline_mgr
    pb.process(pipeline, done_queue, task, lock, results)
  File "C:\Users\golde\Documents\NTNU\ncs\v3.2.4\zephyr\scripts/pylib/twister\twisterlib\runner.py", line 998, in process
    ret = self.cmake()
          ^^^^^^^^^^^^
  File "C:\Users\golde\Documents\NTNU\ncs\v3.2.4\zephyr\scripts/pylib/twister\twisterlib\runner.py", line 1723, in cmake
    return self.run_cmake(args,filter_stages)
           ^^^^^^^^^^^^^^^^^^^^^^^^^^^^^^^^^^
  File "C:\Users\golde\Documents\NTNU\ncs\v3.2.4\zephyr\scripts/pylib/twister\twisterlib\runner.py", line 723, in run_cmake
    p = subprocess.Popen(cmd, **kwargs)
        ^^^^^^^^^^^^^^^^^^^^^^^^^^^^^^^
  File "subprocess.py", line 1026, in __init__
  File "subprocess.py", line 1462, in _execute_child
  File "subprocess.py", line 608, in list2cmdline
  File "<frozen os>", line 859, in fsdecode
TypeError: expected str, bytes or os.PathLike object, not NoneType

2026-05-13 15:22:40,905 - twister - DEBUG - Running cmake on C:\Users\golde\Documents\NTNU\IES2608\tests\modules\modem_service for unit_testing/unit_testing
2026-05-13 15:22:40,913 - twister - DEBUG - Calling cmake: [None, '-BC:\\Users\\golde\\Documents\\NTNU\\IES2608\\twister-out\\unit_testing_unit_testing\\host\\IES2608\\tests\\modules\\modem_service\\app.modem_service.logic', '-DTC_RUNID=d7ec98630ba6121c1fcf5476d185a6bf', '-DTC_NAME=app.modem_service.logic', '-DCONFIG_COMPILER_WARNINGS_AS_ERRORS=y', '-DEXTRA_GEN_EDT_ARGS=--edtlib-Werror', '-GNinja', '-DPython3_EXECUTABLE=C:/ncs/toolchains/fd21892d0f/opt/bin/python.exe', '-DZEPHYR_TOOLCHAIN_VARIANT=host', '-SC:\\Users\\golde\\Documents\\NTNU\\IES2608\\tests\\modules\\modem_service', '-DBOARD=unit_testing/unit_testing']
2026-05-13 15:22:40,915 - twister - ERROR - General exception: expected str, bytes or os.PathLike object, not NoneType
Traceback (most recent call last):
  File "C:\Users\golde\Documents\NTNU\ncs\v3.2.4\zephyr\scripts/pylib/twister\twisterlib\runner.py", line 2009, in pipeline_mgr
    pb.process(pipeline, done_queue, task, lock, results)
  File "C:\Users\golde\Documents\NTNU\ncs\v3.2.4\zephyr\scripts/pylib/twister\twisterlib\runner.py", line 998, in process
    ret = self.cmake()
          ^^^^^^^^^^^^
  File "C:\Users\golde\Documents\NTNU\ncs\v3.2.4\zephyr\scripts/pylib/twister\twisterlib\runner.py", line 1723, in cmake
    return self.run_cmake(args,filter_stages)
           ^^^^^^^^^^^^^^^^^^^^^^^^^^^^^^^^^^
  File "C:\Users\golde\Documents\NTNU\ncs\v3.2.4\zephyr\scripts/pylib/twister\twisterlib\runner.py", line 723, in run_cmake
    p = subprocess.Popen(cmd, **kwargs)
        ^^^^^^^^^^^^^^^^^^^^^^^^^^^^^^^
  File "subprocess.py", line 1026, in __init__
  File "subprocess.py", line 1462, in _execute_child
  File "subprocess.py", line 608, in list2cmdline
  File "<frozen os>", line 859, in fsdecode
TypeError: expected str, bytes or os.PathLike object, not NoneType

2026-05-13 15:22:41,713 - twister - DEBUG - Running cmake on C:\Users\golde\Documents\NTNU\IES2608\tests\modules\lte_service for unit_testing/unit_testing
2026-05-13 15:22:41,727 - twister - DEBUG - Calling cmake: [None, '-BC:\\Users\\golde\\Documents\\NTNU\\IES2608\\twister-out\\unit_testing_unit_testing\\host\\IES2608\\tests\\modules\\lte_service\\app.lte_service.logic', '-DTC_RUNID=5510f79eefdf355a318712de3967abb4', '-DTC_NAME=app.lte_service.logic', '-DCONFIG_COMPILER_WARNINGS_AS_ERRORS=y', '-DEXTRA_GEN_EDT_ARGS=--edtlib-Werror', '-GNinja', '-DPython3_EXECUTABLE=C:/ncs/toolchains/fd21892d0f/opt/bin/python.exe', '-DZEPHYR_TOOLCHAIN_VARIANT=host', '-SC:\\Users\\golde\\Documents\\NTNU\\IES2608\\tests\\modules\\lte_service', '-DBOARD=unit_testing/unit_testing']
2026-05-13 15:22:41,730 - twister - ERROR - General exception: expected str, bytes or os.PathLike object, not NoneType
Traceback (most recent call last):
  File "C:\Users\golde\Documents\NTNU\ncs\v3.2.4\zephyr\scripts/pylib/twister\twisterlib\runner.py", line 2009, in pipeline_mgr
    pb.process(pipeline, done_queue, task, lock, results)
  File "C:\Users\golde\Documents\NTNU\ncs\v3.2.4\zephyr\scripts/pylib/twister\twisterlib\runner.py", line 998, in process
    ret = self.cmake()
          ^^^^^^^^^^^^
  File "C:\Users\golde\Documents\NTNU\ncs\v3.2.4\zephyr\scripts/pylib/twister\twisterlib\runner.py", line 1723, in cmake
    return self.run_cmake(args,filter_stages)
           ^^^^^^^^^^^^^^^^^^^^^^^^^^^^^^^^^^
  File "C:\Users\golde\Documents\NTNU\ncs\v3.2.4\zephyr\scripts/pylib/twister\twisterlib\runner.py", line 723, in run_cmake
    p = subprocess.Popen(cmd, **kwargs)
        ^^^^^^^^^^^^^^^^^^^^^^^^^^^^^^^
  File "subprocess.py", line 1026, in __init__
  File "subprocess.py", line 1462, in _execute_child
  File "subprocess.py", line 608, in list2cmdline
  File "<frozen os>", line 859, in fsdecode
TypeError: expected str, bytes or os.PathLike object, not NoneType

2026-05-13 15:22:42,874 - twister - DEBUG - Running cmake on C:\Users\golde\Documents\NTNU\IES2608\tests\modules\gnss_service for unit_testing/unit_testing
2026-05-13 15:22:42,888 - twister - DEBUG - Calling cmake: [None, '-BC:\\Users\\golde\\Documents\\NTNU\\IES2608\\twister-out\\unit_testing_unit_testing\\host\\IES2608\\tests\\modules\\gnss_service\\app.gnss_service.logic', '-DTC_RUNID=1af2af8b679067ae06bddd039ae710fa', '-DTC_NAME=app.gnss_service.logic', '-DCONFIG_COMPILER_WARNINGS_AS_ERRORS=y', '-DEXTRA_GEN_EDT_ARGS=--edtlib-Werror', '-GNinja', '-DPython3_EXECUTABLE=C:/ncs/toolchains/fd21892d0f/opt/bin/python.exe', '-DZEPHYR_TOOLCHAIN_VARIANT=host', '-SC:\\Users\\golde\\Documents\\NTNU\\IES2608\\tests\\modules\\gnss_service', '-DBOARD=unit_testing/unit_testing']
2026-05-13 15:22:42,890 - twister - ERROR - General exception: expected str, bytes or os.PathLike object, not NoneType
Traceback (most recent call last):
  File "C:\Users\golde\Documents\NTNU\ncs\v3.2.4\zephyr\scripts/pylib/twister\twisterlib\runner.py", line 2009, in pipeline_mgr
    pb.process(pipeline, done_queue, task, lock, results)
  File "C:\Users\golde\Documents\NTNU\ncs\v3.2.4\zephyr\scripts/pylib/twister\twisterlib\runner.py", line 998, in process
    ret = self.cmake()
          ^^^^^^^^^^^^
  File "C:\Users\golde\Documents\NTNU\ncs\v3.2.4\zephyr\scripts/pylib/twister\twisterlib\runner.py", line 1723, in cmake
    return self.run_cmake(args,filter_stages)
           ^^^^^^^^^^^^^^^^^^^^^^^^^^^^^^^^^^
  File "C:\Users\golde\Documents\NTNU\ncs\v3.2.4\zephyr\scripts/pylib/twister\twisterlib\runner.py", line 723, in run_cmake
    p = subprocess.Popen(cmd, **kwargs)
        ^^^^^^^^^^^^^^^^^^^^^^^^^^^^^^^
  File "subprocess.py", line 1026, in __init__
  File "subprocess.py", line 1462, in _execute_child
  File "subprocess.py", line 608, in list2cmdline
  File "<frozen os>", line 859, in fsdecode
TypeError: expected str, bytes or os.PathLike object, not NoneType

2026-05-13 15:23:03,606 - twister - DEBUG - Launched 32 jobs
2026-05-13 15:23:03,606 - twister - ERROR - Process 27056 failed, aborting execution
